// Jest Snapshot v1, https://goo.gl/fbAQLP

exports[`<WorkLockDashboard /> should render correctly 1`] = `
<DocumentFragment>
  <div
    class="worklock-contrainer"
  >
    <div
      class="row"
    >
      <div
        class="col-md-4"
      />
      <div
        class="col-md-4"
      >
        <p
          class="text-center h6"
        >
          Total NU to distribute
        </p>
      </div>
      <div
        class="col-md-4"
      />
    </div>
    <div
      class="panel row"
    >
      <div
        class="container"
      >
        <div
          class="mt-2 justify-content-center row"
        >
          <span
            class="h5"
          >
            WorkLock event ended on Jan 1, 1970, 12:00 AM
          </span>
        </div>
        <div
          class="mt-3 justify-content-center row"
        />
      </div>
    </div>
  </div>
</DocumentFragment>
`;
